{
  "double": 3.14,
  "array": ["Fizz", "Buzz", "FizzBuzz"],
  "null": null,
  "reference": "projects/{project}/databases/(default)/documents/{collection}/{id}",
  "map": { "hello": "world" },
  "string": "The quick brown fox jumps over the lazy dog. If the dog reacted, was it really lazy?",
  "geopoint": {
    "latitude": 40.7531823,
    "longitude": -73.9844421
  },
  "integer": 42,
  "timestamp": "2021-01-31T17:34:56.123Z",
  "boolean": true
}
